Archive member included to satisfy reference by file (symbol)

/usr/lib/gcc/arm-none-eabi/6.3.1/../../../arm-none-eabi/lib/hard/libc.a(lib_a-malloc.o)
                              ../build/obj/app.cpp.o (malloc)
/usr/lib/gcc/arm-none-eabi/6.3.1/../../../arm-none-eabi/lib/hard/libc.a(lib_a-mallocr.o)
                              /usr/lib/gcc/arm-none-eabi/6.3.1/../../../arm-none-eabi/lib/hard/libc.a(lib_a-malloc.o) (_malloc_r)
/usr/lib/gcc/arm-none-eabi/6.3.1/../../../arm-none-eabi/lib/hard/libc.a(lib_a-mlock.o)
                              /usr/lib/gcc/arm-none-eabi/6.3.1/../../../arm-none-eabi/lib/hard/libc.a(lib_a-mallocr.o) (__malloc_lock)
/usr/lib/gcc/arm-none-eabi/6.3.1/../../../arm-none-eabi/lib/hard/libc.a(lib_a-sbrkr.o)
                              /usr/lib/gcc/arm-none-eabi/6.3.1/../../../arm-none-eabi/lib/hard/libc.a(lib_a-mallocr.o) (_sbrk_r)
/usr/lib/gcc/arm-none-eabi/6.3.1/../../../arm-none-eabi/lib/hard/libc.a(lib_a-freer.o)
                              /usr/lib/gcc/arm-none-eabi/6.3.1/../../../arm-none-eabi/lib/hard/libc.a(lib_a-malloc.o) (_free_r)
/usr/lib/gcc/arm-none-eabi/6.3.1/../../../arm-none-eabi/lib/hard/libc.a(lib_a-impure.o)
                              /usr/lib/gcc/arm-none-eabi/6.3.1/../../../arm-none-eabi/lib/hard/libc.a(lib_a-malloc.o) (_impure_ptr)
/usr/lib/gcc/arm-none-eabi/6.3.1/../../../arm-none-eabi/lib/hard/libc.a(lib_a-reent.o)
                              /usr/lib/gcc/arm-none-eabi/6.3.1/../../../arm-none-eabi/lib/hard/libc.a(lib_a-sbrkr.o) (errno)

Allocating common symbols
Common symbol       size              file

errno               0x4               /usr/lib/gcc/arm-none-eabi/6.3.1/../../../arm-none-eabi/lib/hard/libc.a(lib_a-reent.o)

Discarded input sections

 .debug_info    0x0000000000000000      0x96f ../build/obj/app.cpp.o
 .debug_abbrev  0x0000000000000000      0x232 ../build/obj/app.cpp.o
 .debug_loc     0x0000000000000000       0x27 ../build/obj/app.cpp.o
 .debug_aranges
                0x0000000000000000       0x20 ../build/obj/app.cpp.o
 .debug_line    0x0000000000000000      0x11a ../build/obj/app.cpp.o
 .debug_str     0x0000000000000000      0x595 ../build/obj/app.cpp.o
 .comment       0x0000000000000000       0x32 ../build/obj/app.cpp.o
 .debug_frame   0x0000000000000000       0x44 ../build/obj/app.cpp.o
 .ARM.attributes
                0x0000000000000000       0x38 ../build/obj/app.cpp.o
 .debug_line    0x0000000000000000       0x45 ../build/obj/platform/kernel/boot.S.o
 .debug_info    0x0000000000000000       0x53 ../build/obj/platform/kernel/boot.S.o
 .debug_abbrev  0x0000000000000000       0x14 ../build/obj/platform/kernel/boot.S.o
 .debug_aranges
                0x0000000000000000       0x20 ../build/obj/platform/kernel/boot.S.o
 .ARM.attributes
                0x0000000000000000       0x28 ../build/obj/platform/kernel/boot.S.o
 .debug_info    0x0000000000000000      0x912 ../build/obj/platform/kernel/cstubs.c.o
 .debug_abbrev  0x0000000000000000      0x1cd ../build/obj/platform/kernel/cstubs.c.o
 .debug_loc     0x0000000000000000       0x38 ../build/obj/platform/kernel/cstubs.c.o
 .debug_aranges
                0x0000000000000000       0x20 ../build/obj/platform/kernel/cstubs.c.o
 .debug_line    0x0000000000000000       0xe0 ../build/obj/platform/kernel/cstubs.c.o
 .debug_str     0x0000000000000000      0x55f ../build/obj/platform/kernel/cstubs.c.o
 .comment       0x0000000000000000       0x32 ../build/obj/platform/kernel/cstubs.c.o
 .debug_frame   0x0000000000000000       0x20 ../build/obj/platform/kernel/cstubs.c.o
 .ARM.attributes
                0x0000000000000000       0x38 ../build/obj/platform/kernel/cstubs.c.o
 .debug_info    0x0000000000000000       0xbf ../build/obj/platform/kernel/kernel.c.o
 .debug_abbrev  0x0000000000000000       0xb4 ../build/obj/platform/kernel/kernel.c.o
 .debug_loc     0x0000000000000000       0x83 ../build/obj/platform/kernel/kernel.c.o
 .debug_aranges
                0x0000000000000000       0x20 ../build/obj/platform/kernel/kernel.c.o
 .debug_line    0x0000000000000000       0x4c ../build/obj/platform/kernel/kernel.c.o
 .debug_str     0x0000000000000000       0xeb ../build/obj/platform/kernel/kernel.c.o
 .comment       0x0000000000000000       0x32 ../build/obj/platform/kernel/kernel.c.o
 .debug_frame   0x0000000000000000       0x28 ../build/obj/platform/kernel/kernel.c.o
 .ARM.attributes
                0x0000000000000000       0x38 ../build/obj/platform/kernel/kernel.c.o
 .debug_info    0x0000000000000000      0x106 ../build/obj/platform/utils.cpp.o
 .debug_abbrev  0x0000000000000000       0xc2 ../build/obj/platform/utils.cpp.o
 .debug_loc     0x0000000000000000       0x6d ../build/obj/platform/utils.cpp.o
 .debug_aranges
                0x0000000000000000       0x20 ../build/obj/platform/utils.cpp.o
 .debug_line    0x0000000000000000       0x83 ../build/obj/platform/utils.cpp.o
 .debug_str     0x0000000000000000      0x175 ../build/obj/platform/utils.cpp.o
 .comment       0x0000000000000000       0x32 ../build/obj/platform/utils.cpp.o
 .debug_frame   0x0000000000000000       0x30 ../build/obj/platform/utils.cpp.o
 .ARM.attributes
                0x0000000000000000       0x38 ../build/obj/platform/utils.cpp.o
 .debug_info    0x0000000000000000      0x922 /usr/lib/gcc/arm-none-eabi/6.3.1/../../../arm-none-eabi/lib/hard/libc.a(lib_a-malloc.o)
 .debug_abbrev  0x0000000000000000      0x1f3 /usr/lib/gcc/arm-none-eabi/6.3.1/../../../arm-none-eabi/lib/hard/libc.a(lib_a-malloc.o)
 .debug_loc     0x0000000000000000       0x58 /usr/lib/gcc/arm-none-eabi/6.3.1/../../../arm-none-eabi/lib/hard/libc.a(lib_a-malloc.o)
 .debug_aranges
                0x0000000000000000       0x20 /usr/lib/gcc/arm-none-eabi/6.3.1/../../../arm-none-eabi/lib/hard/libc.a(lib_a-malloc.o)
 .debug_line    0x0000000000000000      0x153 /usr/lib/gcc/arm-none-eabi/6.3.1/../../../arm-none-eabi/lib/hard/libc.a(lib_a-malloc.o)
 .debug_str     0x0000000000000000      0x580 /usr/lib/gcc/arm-none-eabi/6.3.1/../../../arm-none-eabi/lib/hard/libc.a(lib_a-malloc.o)
 .comment       0x0000000000000000       0x32 /usr/lib/gcc/arm-none-eabi/6.3.1/../../../arm-none-eabi/lib/hard/libc.a(lib_a-malloc.o)
 .debug_frame   0x0000000000000000       0x48 /usr/lib/gcc/arm-none-eabi/6.3.1/../../../arm-none-eabi/lib/hard/libc.a(lib_a-malloc.o)
 .ARM.attributes
                0x0000000000000000       0x34 /usr/lib/gcc/arm-none-eabi/6.3.1/../../../arm-none-eabi/lib/hard/libc.a(lib_a-malloc.o)
 .debug_info    0x0000000000000000      0xddc /usr/lib/gcc/arm-none-eabi/6.3.1/../../../arm-none-eabi/lib/hard/libc.a(lib_a-mallocr.o)
 .debug_abbrev  0x0000000000000000      0x2c4 /usr/lib/gcc/arm-none-eabi/6.3.1/../../../arm-none-eabi/lib/hard/libc.a(lib_a-mallocr.o)
 .debug_loc     0x0000000000000000      0xb05 /usr/lib/gcc/arm-none-eabi/6.3.1/../../../arm-none-eabi/lib/hard/libc.a(lib_a-mallocr.o)
 .debug_aranges
                0x0000000000000000       0x20 /usr/lib/gcc/arm-none-eabi/6.3.1/../../../arm-none-eabi/lib/hard/libc.a(lib_a-mallocr.o)
 .debug_ranges  0x0000000000000000       0x20 /usr/lib/gcc/arm-none-eabi/6.3.1/../../../arm-none-eabi/lib/hard/libc.a(lib_a-mallocr.o)
 .debug_line    0x0000000000000000      0x35d /usr/lib/gcc/arm-none-eabi/6.3.1/../../../arm-none-eabi/lib/hard/libc.a(lib_a-mallocr.o)
 .debug_str     0x0000000000000000      0x7b7 /usr/lib/gcc/arm-none-eabi/6.3.1/../../../arm-none-eabi/lib/hard/libc.a(lib_a-mallocr.o)
 .comment       0x0000000000000000       0x32 /usr/lib/gcc/arm-none-eabi/6.3.1/../../../arm-none-eabi/lib/hard/libc.a(lib_a-mallocr.o)
 .debug_frame   0x0000000000000000       0x7c /usr/lib/gcc/arm-none-eabi/6.3.1/../../../arm-none-eabi/lib/hard/libc.a(lib_a-mallocr.o)
 .ARM.attributes
                0x0000000000000000       0x34 /usr/lib/gcc/arm-none-eabi/6.3.1/../../../arm-none-eabi/lib/hard/libc.a(lib_a-mallocr.o)
 .debug_info    0x0000000000000000      0x8d8 /usr/lib/gcc/arm-none-eabi/6.3.1/../../../arm-none-eabi/lib/hard/libc.a(lib_a-mlock.o)
 .debug_abbrev  0x0000000000000000      0x1ca /usr/lib/gcc/arm-none-eabi/6.3.1/../../../arm-none-eabi/lib/hard/libc.a(lib_a-mlock.o)
 .debug_aranges
                0x0000000000000000       0x20 /usr/lib/gcc/arm-none-eabi/6.3.1/../../../arm-none-eabi/lib/hard/libc.a(lib_a-mlock.o)
 .debug_line    0x0000000000000000       0xf5 /usr/lib/gcc/arm-none-eabi/6.3.1/../../../arm-none-eabi/lib/hard/libc.a(lib_a-mlock.o)
 .debug_str     0x0000000000000000      0x577 /usr/lib/gcc/arm-none-eabi/6.3.1/../../../arm-none-eabi/lib/hard/libc.a(lib_a-mlock.o)
 .comment       0x0000000000000000       0x32 /usr/lib/gcc/arm-none-eabi/6.3.1/../../../arm-none-eabi/lib/hard/libc.a(lib_a-mlock.o)
 .debug_frame   0x0000000000000000       0x30 /usr/lib/gcc/arm-none-eabi/6.3.1/../../../arm-none-eabi/lib/hard/libc.a(lib_a-mlock.o)
 .ARM.attributes
                0x0000000000000000       0x34 /usr/lib/gcc/arm-none-eabi/6.3.1/../../../arm-none-eabi/lib/hard/libc.a(lib_a-mlock.o)
 .debug_info    0x0000000000000000      0x95a /usr/lib/gcc/arm-none-eabi/6.3.1/../../../arm-none-eabi/lib/hard/libc.a(lib_a-sbrkr.o)
 .debug_abbrev  0x0000000000000000      0x20c /usr/lib/gcc/arm-none-eabi/6.3.1/../../../arm-none-eabi/lib/hard/libc.a(lib_a-sbrkr.o)
 .debug_loc     0x0000000000000000       0x66 /usr/lib/gcc/arm-none-eabi/6.3.1/../../../arm-none-eabi/lib/hard/libc.a(lib_a-sbrkr.o)
 .debug_aranges
                0x0000000000000000       0x20 /usr/lib/gcc/arm-none-eabi/6.3.1/../../../arm-none-eabi/lib/hard/libc.a(lib_a-sbrkr.o)
 .debug_line    0x0000000000000000      0x161 /usr/lib/gcc/arm-none-eabi/6.3.1/../../../arm-none-eabi/lib/hard/libc.a(lib_a-sbrkr.o)
 .debug_str     0x0000000000000000      0x592 /usr/lib/gcc/arm-none-eabi/6.3.1/../../../arm-none-eabi/lib/hard/libc.a(lib_a-sbrkr.o)
 .comment       0x0000000000000000       0x32 /usr/lib/gcc/arm-none-eabi/6.3.1/../../../arm-none-eabi/lib/hard/libc.a(lib_a-sbrkr.o)
 .debug_frame   0x0000000000000000       0x3c /usr/lib/gcc/arm-none-eabi/6.3.1/../../../arm-none-eabi/lib/hard/libc.a(lib_a-sbrkr.o)
 .ARM.attributes
                0x0000000000000000       0x34 /usr/lib/gcc/arm-none-eabi/6.3.1/../../../arm-none-eabi/lib/hard/libc.a(lib_a-sbrkr.o)
 .debug_info    0x0000000000000000      0xc93 /usr/lib/gcc/arm-none-eabi/6.3.1/../../../arm-none-eabi/lib/hard/libc.a(lib_a-freer.o)
 .debug_abbrev  0x0000000000000000      0x26a /usr/lib/gcc/arm-none-eabi/6.3.1/../../../arm-none-eabi/lib/hard/libc.a(lib_a-freer.o)
 .debug_loc     0x0000000000000000      0x530 /usr/lib/gcc/arm-none-eabi/6.3.1/../../../arm-none-eabi/lib/hard/libc.a(lib_a-freer.o)
 .debug_aranges
                0x0000000000000000       0x20 /usr/lib/gcc/arm-none-eabi/6.3.1/../../../arm-none-eabi/lib/hard/libc.a(lib_a-freer.o)
 .debug_line    0x0000000000000000      0x24e /usr/lib/gcc/arm-none-eabi/6.3.1/../../../arm-none-eabi/lib/hard/libc.a(lib_a-freer.o)
 .debug_str     0x0000000000000000      0x730 /usr/lib/gcc/arm-none-eabi/6.3.1/../../../arm-none-eabi/lib/hard/libc.a(lib_a-freer.o)
 .comment       0x0000000000000000       0x32 /usr/lib/gcc/arm-none-eabi/6.3.1/../../../arm-none-eabi/lib/hard/libc.a(lib_a-freer.o)
 .debug_frame   0x0000000000000000       0x70 /usr/lib/gcc/arm-none-eabi/6.3.1/../../../arm-none-eabi/lib/hard/libc.a(lib_a-freer.o)
 .ARM.attributes
                0x0000000000000000       0x34 /usr/lib/gcc/arm-none-eabi/6.3.1/../../../arm-none-eabi/lib/hard/libc.a(lib_a-freer.o)
 .debug_info    0x0000000000000000      0x8a5 /usr/lib/gcc/arm-none-eabi/6.3.1/../../../arm-none-eabi/lib/hard/libc.a(lib_a-impure.o)
 .debug_abbrev  0x0000000000000000      0x189 /usr/lib/gcc/arm-none-eabi/6.3.1/../../../arm-none-eabi/lib/hard/libc.a(lib_a-impure.o)
 .debug_aranges
                0x0000000000000000       0x18 /usr/lib/gcc/arm-none-eabi/6.3.1/../../../arm-none-eabi/lib/hard/libc.a(lib_a-impure.o)
 .debug_line    0x0000000000000000       0xe6 /usr/lib/gcc/arm-none-eabi/6.3.1/../../../arm-none-eabi/lib/hard/libc.a(lib_a-impure.o)
 .debug_str     0x0000000000000000      0x54f /usr/lib/gcc/arm-none-eabi/6.3.1/../../../arm-none-eabi/lib/hard/libc.a(lib_a-impure.o)
 .comment       0x0000000000000000       0x32 /usr/lib/gcc/arm-none-eabi/6.3.1/../../../arm-none-eabi/lib/hard/libc.a(lib_a-impure.o)
 .ARM.attributes
                0x0000000000000000       0x32 /usr/lib/gcc/arm-none-eabi/6.3.1/../../../arm-none-eabi/lib/hard/libc.a(lib_a-impure.o)
 .debug_info    0x0000000000000000      0xa16 /usr/lib/gcc/arm-none-eabi/6.3.1/../../../arm-none-eabi/lib/hard/libc.a(lib_a-reent.o)
 .debug_abbrev  0x0000000000000000      0x26d /usr/lib/gcc/arm-none-eabi/6.3.1/../../../arm-none-eabi/lib/hard/libc.a(lib_a-reent.o)
 .debug_loc     0x0000000000000000      0x115 /usr/lib/gcc/arm-none-eabi/6.3.1/../../../arm-none-eabi/lib/hard/libc.a(lib_a-reent.o)
 .debug_aranges
                0x0000000000000000       0x20 /usr/lib/gcc/arm-none-eabi/6.3.1/../../../arm-none-eabi/lib/hard/libc.a(lib_a-reent.o)
 .debug_line    0x0000000000000000      0x17a /usr/lib/gcc/arm-none-eabi/6.3.1/../../../arm-none-eabi/lib/hard/libc.a(lib_a-reent.o)
 .debug_str     0x0000000000000000      0x58b /usr/lib/gcc/arm-none-eabi/6.3.1/../../../arm-none-eabi/lib/hard/libc.a(lib_a-reent.o)
 .comment       0x0000000000000000       0x32 /usr/lib/gcc/arm-none-eabi/6.3.1/../../../arm-none-eabi/lib/hard/libc.a(lib_a-reent.o)
 .debug_frame   0x0000000000000000       0x64 /usr/lib/gcc/arm-none-eabi/6.3.1/../../../arm-none-eabi/lib/hard/libc.a(lib_a-reent.o)
 .ARM.attributes
                0x0000000000000000       0x34 /usr/lib/gcc/arm-none-eabi/6.3.1/../../../arm-none-eabi/lib/hard/libc.a(lib_a-reent.o)

Memory Configuration

Name             Origin             Length             Attributes
RAM              0x0000000000008000 0x0000000008000000 xrw
*default*        0x0000000000000000 0xffffffffffffffff

Linker script and memory map

LOAD ../build/obj/app.cpp.o
LOAD ../build/obj/platform/kernel/boot.S.o
LOAD ../build/obj/platform/kernel/cstubs.c.o
LOAD ../build/obj/platform/kernel/kernel.c.o
LOAD ../build/obj/platform/utils.cpp.o

.text.startup   0x0000000000008000        0x8
 *(.text.startup)
 .text.startup  0x0000000000008000        0x8 ../build/obj/platform/kernel/boot.S.o
                0x0000000000008000                _start

.text           0x0000000000008008      0xe4c
                0x0000000000008008                . = ALIGN (0x4)
                0x0000000000008008                __text_start__ = .
 *(.text .text.*)
 .text          0x0000000000008008       0x7c ../build/obj/app.cpp.o
                0x0000000000008008                mem_test()
                0x0000000000008038                app_main
 .text          0x0000000000008084        0x0 ../build/obj/platform/kernel/boot.S.o
 .text          0x0000000000008084       0x2c ../build/obj/platform/kernel/cstubs.c.o
                0x0000000000008084                _sbrk
 .text          0x00000000000080b0       0x48 ../build/obj/platform/kernel/kernel.c.o
                0x00000000000080b0                kernel_main
 .text          0x00000000000080f8       0x80 ../build/obj/platform/utils.cpp.o
                0x00000000000080f8                delay_us(unsigned long)
                0x0000000000008134                delay(unsigned long)
 .text          0x0000000000008178       0x40 /usr/lib/gcc/arm-none-eabi/6.3.1/../../../arm-none-eabi/lib/hard/libc.a(lib_a-malloc.o)
                0x0000000000008178                malloc
                0x0000000000008198                free
 .text          0x00000000000081b8      0x750 /usr/lib/gcc/arm-none-eabi/6.3.1/../../../arm-none-eabi/lib/hard/libc.a(lib_a-mallocr.o)
                0x00000000000081b8                _malloc_r
 .text          0x0000000000008908        0x8 /usr/lib/gcc/arm-none-eabi/6.3.1/../../../arm-none-eabi/lib/hard/libc.a(lib_a-mlock.o)
                0x0000000000008908                __malloc_lock
                0x000000000000890c                __malloc_unlock
 .text          0x0000000000008910       0x44 /usr/lib/gcc/arm-none-eabi/6.3.1/../../../arm-none-eabi/lib/hard/libc.a(lib_a-sbrkr.o)
                0x0000000000008910                _sbrk_r
 .text          0x0000000000008954      0x3e0 /usr/lib/gcc/arm-none-eabi/6.3.1/../../../arm-none-eabi/lib/hard/libc.a(lib_a-freer.o)
                0x0000000000008954                _malloc_trim_r
                0x0000000000008a54                _free_r
 .text          0x0000000000008d34        0x0 /usr/lib/gcc/arm-none-eabi/6.3.1/../../../arm-none-eabi/lib/hard/libc.a(lib_a-impure.o)
 .text          0x0000000000008d34      0x120 /usr/lib/gcc/arm-none-eabi/6.3.1/../../../arm-none-eabi/lib/hard/libc.a(lib_a-reent.o)
                0x0000000000008d34                cleanup_glue
                0x0000000000008d60                _reclaim_reent
                0x0000000000008e54                __text_end__ = .

.data           0x0000000000008e58      0x848
                0x0000000000008e58                . = ALIGN (0x4)
                0x0000000000008e58                __data_start__ = .
 *(.data .data.*)
 .data          0x0000000000008e58        0x4 ../build/obj/app.cpp.o
                0x0000000000008e58                gpio
 .data          0x0000000000008e5c        0x0 ../build/obj/platform/kernel/boot.S.o
 .data          0x0000000000008e5c        0x0 ../build/obj/platform/kernel/cstubs.c.o
 .data          0x0000000000008e5c        0x0 ../build/obj/platform/kernel/kernel.c.o
 .data          0x0000000000008e5c        0x0 ../build/obj/platform/utils.cpp.o
 .data          0x0000000000008e5c        0x0 /usr/lib/gcc/arm-none-eabi/6.3.1/../../../arm-none-eabi/lib/hard/libc.a(lib_a-malloc.o)
 .data          0x0000000000008e5c      0x410 /usr/lib/gcc/arm-none-eabi/6.3.1/../../../arm-none-eabi/lib/hard/libc.a(lib_a-mallocr.o)
                0x0000000000008e5c                __malloc_av_
                0x0000000000009264                __malloc_sbrk_base
                0x0000000000009268                __malloc_trim_threshold
 .data          0x000000000000926c        0x0 /usr/lib/gcc/arm-none-eabi/6.3.1/../../../arm-none-eabi/lib/hard/libc.a(lib_a-mlock.o)
 .data          0x000000000000926c        0x0 /usr/lib/gcc/arm-none-eabi/6.3.1/../../../arm-none-eabi/lib/hard/libc.a(lib_a-sbrkr.o)
 .data          0x000000000000926c        0x0 /usr/lib/gcc/arm-none-eabi/6.3.1/../../../arm-none-eabi/lib/hard/libc.a(lib_a-freer.o)
 *fill*         0x000000000000926c        0x4 
 .data          0x0000000000009270      0x430 /usr/lib/gcc/arm-none-eabi/6.3.1/../../../arm-none-eabi/lib/hard/libc.a(lib_a-impure.o)
                0x0000000000009270                _impure_ptr
 .data          0x00000000000096a0        0x0 /usr/lib/gcc/arm-none-eabi/6.3.1/../../../arm-none-eabi/lib/hard/libc.a(lib_a-reent.o)
                0x00000000000096a0                __data_end__ = .

.data1          0x00000000000096a0        0x0
                0x00000000000096a0                . = ALIGN (0x10)
                0x00000000000096a0                __data1_start__ = .
 *(.data1 .data1.*)
                0x00000000000096a0                __data1_end__ = .

.bss            0x00000000000096a0       0x40
                0x00000000000096a0                . = ALIGN (0x4)
                0x00000000000096a0                __bss_start__ = .
 *(.bss .bss.*)
 .bss           0x00000000000096a0        0x0 ../build/obj/app.cpp.o
 .bss           0x00000000000096a0        0x0 ../build/obj/platform/kernel/boot.S.o
 .bss           0x00000000000096a0        0x4 ../build/obj/platform/kernel/cstubs.c.o
 .bss           0x00000000000096a4        0x0 ../build/obj/platform/kernel/kernel.c.o
 .bss           0x00000000000096a4        0x4 ../build/obj/platform/utils.cpp.o
                0x00000000000096a4                tim
 .bss           0x00000000000096a8        0x0 /usr/lib/gcc/arm-none-eabi/6.3.1/../../../arm-none-eabi/lib/hard/libc.a(lib_a-malloc.o)
 .bss           0x00000000000096a8       0x34 /usr/lib/gcc/arm-none-eabi/6.3.1/../../../arm-none-eabi/lib/hard/libc.a(lib_a-mallocr.o)
                0x00000000000096a8                __malloc_top_pad
                0x00000000000096ac                __malloc_current_mallinfo
                0x00000000000096d4                __malloc_max_sbrked_mem
                0x00000000000096d8                __malloc_max_total_mem
 .bss           0x00000000000096dc        0x0 /usr/lib/gcc/arm-none-eabi/6.3.1/../../../arm-none-eabi/lib/hard/libc.a(lib_a-mlock.o)
 .bss           0x00000000000096dc        0x0 /usr/lib/gcc/arm-none-eabi/6.3.1/../../../arm-none-eabi/lib/hard/libc.a(lib_a-sbrkr.o)
 .bss           0x00000000000096dc        0x0 /usr/lib/gcc/arm-none-eabi/6.3.1/../../../arm-none-eabi/lib/hard/libc.a(lib_a-freer.o)
 .bss           0x00000000000096dc        0x0 /usr/lib/gcc/arm-none-eabi/6.3.1/../../../arm-none-eabi/lib/hard/libc.a(lib_a-impure.o)
 .bss           0x00000000000096dc        0x0 /usr/lib/gcc/arm-none-eabi/6.3.1/../../../arm-none-eabi/lib/hard/libc.a(lib_a-reent.o)
 *(COMMON)
 COMMON         0x00000000000096dc        0x4 /usr/lib/gcc/arm-none-eabi/6.3.1/../../../arm-none-eabi/lib/hard/libc.a(lib_a-reent.o)
                0x00000000000096dc                errno
                0x00000000000096e0                __bss_end__ = .

.rodata         0x00000000000096e0        0x8
                0x00000000000096e0                . = ALIGN (0x4)
                0x00000000000096e0                __rodata_start__ = .
 *(.rodata .rodata.*)
 .rodata        0x00000000000096e0        0x4 /usr/lib/gcc/arm-none-eabi/6.3.1/../../../arm-none-eabi/lib/hard/libc.a(lib_a-impure.o)
                0x00000000000096e0                _global_impure_ptr
 .rodata.str1.4
                0x00000000000096e4        0x4 /usr/lib/gcc/arm-none-eabi/6.3.1/../../../arm-none-eabi/lib/hard/libc.a(lib_a-impure.o)
                                          0x2 (size before relaxing)
                0x00000000000096e8                __rodata_end__ = .

.stack0         0x00000000000096e8     0x8a00
                0x00000000000096e8                . = ALIGN (0x8)
                0x00000000000096e8                __stack_start__core0 = .
                0x00000000000098e8                . = (. + 0x200)
 *fill*         0x00000000000096e8      0x200 
                0x00000000000098e8                __HYP_stack_core0 = .
                0x0000000000009ce8                . = (. + 0x400)
 *fill*         0x00000000000098e8      0x400 
                0x0000000000009ce8                __IRQ_stack_core0 = .
                0x000000000000a0e8                . = (. + 0x400)
 *fill*         0x0000000000009ce8      0x400 
                0x000000000000a0e8                __FIQ_stack_core0 = .
                0x00000000000120e8                . = (. + 0x8000)
 *fill*         0x000000000000a0e8     0x8000 
                0x00000000000120e8                __SVC_stack_core0 = .
                0x00000000000120e8                __stack_end__core0 = .

.stack1         0x00000000000120e8     0x1a00
                0x00000000000120e8                . = ALIGN (0x8)
                0x00000000000120e8                __stack_start__core1 = .
                0x00000000000122e8                . = (. + 0x200)
 *fill*         0x00000000000120e8      0x200 
                0x00000000000122e8                __HYP_stack_core1 = .
                0x00000000000126e8                . = (. + 0x400)
 *fill*         0x00000000000122e8      0x400 
                0x00000000000126e8                __IRQ_stack_core1 = .
                0x0000000000012ae8                . = (. + 0x400)
 *fill*         0x00000000000126e8      0x400 
                0x0000000000012ae8                __FIQ_stack_core1 = .
                0x0000000000013ae8                . = (. + 0x1000)
 *fill*         0x0000000000012ae8     0x1000 
                0x0000000000013ae8                __SVC_stack_core1 = .
                0x0000000000013ae8                __stack_end__core1 = .

.stack2         0x0000000000013ae8     0x1a00
                0x0000000000013ae8                . = ALIGN (0x8)
                0x0000000000013ae8                __stack_start__core2 = .
                0x0000000000013ce8                . = (. + 0x200)
 *fill*         0x0000000000013ae8      0x200 
                0x0000000000013ce8                __HYP_stack_core2 = .
                0x00000000000140e8                . = (. + 0x400)
 *fill*         0x0000000000013ce8      0x400 
                0x00000000000140e8                __IRQ_stack_core2 = .
                0x00000000000144e8                . = (. + 0x400)
 *fill*         0x00000000000140e8      0x400 
                0x00000000000144e8                __FIQ_stack_core2 = .
                0x00000000000154e8                . = (. + 0x1000)
 *fill*         0x00000000000144e8     0x1000 
                0x00000000000154e8                __SVC_stack_core2 = .
                0x00000000000154e8                __stack_end__core2 = .

.stack3         0x00000000000154e8     0x1a00
                0x00000000000154e8                . = ALIGN (0x8)
                0x00000000000154e8                __stack_start__core3 = .
                0x00000000000156e8                . = (. + 0x200)
 *fill*         0x00000000000154e8      0x200 
                0x00000000000156e8                __HYP_stack_core3 = .
                0x0000000000015ae8                . = (. + 0x400)
 *fill*         0x00000000000156e8      0x400 
                0x0000000000015ae8                __IRQ_stack_core3 = .
                0x0000000000015ee8                . = (. + 0x400)
 *fill*         0x0000000000015ae8      0x400 
                0x0000000000015ee8                __FIQ_stack_core3 = .
                0x0000000000016ee8                . = (. + 0x1000)
 *fill*         0x0000000000015ee8     0x1000 
                0x0000000000016ee8                __SVC_stack_core3 = .
                0x0000000000016ee8                __stack_end__core3 = .

.heap           0x0000000000016ee8        0x0
                0x0000000000016ee8                . = ALIGN (0x4)
                0x0000000000016ee8                __heap_start__ = .
                0x0000000000016ee8                _end = .
                [!provide]                        PROVIDE (end, .)

/DISCARD/
 *(*)
START GROUP
LOAD /usr/lib/gcc/arm-none-eabi/6.3.1/hard/libgcc.a
LOAD /usr/lib/gcc/arm-none-eabi/6.3.1/../../../arm-none-eabi/lib/hard/libc.a
END GROUP
OUTPUT(../build/kernel.elf elf32-littlearm)
